INFO:banksys.io:Successfully created bank account
INFO:banksys.io:Failed to withdraw
